# serializer version: 1
# name: test_test_all_green
  '''
  1 recommendation · 1 category · run_id=01TESTRUN000000000000000000
  
    ✓ [all_green] All tests green; no action recommended (passed 3, skipped 0, total 3).
        ↳ run_reference 01TESTRUN000000000000000000
  '''
# ---
# name: test_test_investigate_and_unavailable
  '''
  2 recommendations · 2 categories · run_id=01TESTRUN000000000000000000
  
    ! [investigate_location] Investigate `divide`@7 in `src/calc.py` (rank 1, ochiai=1.000, sbfl_per_test).
        ↳ localization_finding src/calc.py:7 (rank 1)
    — [unavailable_analysis] Downstream analysis incomplete: regression (no-comparable-baseline).
        ↳ run_reference 01TESTRUN000000000000000000
  '''
# ---
# name: test_test_no_recommendations_is_single_line
  '0 recommendations · 0 categories · run_id=01TESTRUN000000000000000000'
# ---
